// Jest Snapshot v1, https://goo.gl/fbAQLP

exports[`<App /> renders correctly 1`] = `
<RCTSafeAreaView
  style={
    {
      "alignItems": "center",
      "backgroundColor": "#191a28",
      "flex": 1,
      "height": "100%",
      "justifyContent": "center",
    }
  }
>
  <View
    style={
      {
        "alignItems": "center",
        "backgroundColor": "#191a28",
        "flexDirection": "row",
        "height": 55,
        "justifyContent": "flex-start",
        "padding": 10,
        "width": "100%",
      }
    }
  >
    <Image
      resizeMode="contain"
      source={1}
      style={
        {
          "height": 40,
          "width": 120,
        }
      }
    />
  </View>
  <View
    style={
      {
        "alignItems": "center",
        "backgroundColor": "#1f202f",
        "flex": 1,
        "justifyContent": "flex-start",
        "padding": 18,
        "paddingBottom": 0,
        "paddingTop": 16,
        "width": "100%",
      }
    }
  >
    <View
      style={
        {
          "marginBottom": 8,
          "width": "100%",
        }
      }
    >
      <TextInput
        onChangeText={[Function]}
        onSubmitEditing={[Function]}
        placeholder="Search for stocks"
        placeholderTextColor="#a4a4ad"
        style={
          {
            "backgroundColor": "#232639",
            "borderColor": "#2e3040",
            "borderRadius": 100,
            "borderStyle": "solid",
            "borderWidth": 1,
            "color": "#a4a4ad",
            "padding": 12,
            "paddingStart": 16,
            "width": "100%",
          }
        }
        value=""
      />
    </View>
    <ActivityIndicator
      color="#fff"
      size="large"
      style={
        {
          "flex": 1,
          "height": "100%",
          "width": "100%",
        }
      }
    />
  </View>
</RCTSafeAreaView>
`;
